     0,                  Time [s],                            Time [s]
     1,            Vflt PLBVFU1 1,                 $V_{flt}$ PLBVFU1 1
     2,           omega PLBVFU1 1,                  $\omega$ PLBVFU1 1
     3,           delta PLBVFU1 1,                  $\delta$ PLBVFU1 1
     4,             L_y BusFreq 1,                   $y_{L}$ BusFreq 1
     5,             L_y BusFreq 2,                   $y_{L}$ BusFreq 2
     6,            WO_x BusFreq 1,                 $x'_{WO}$ BusFreq 1
     7,            WO_x BusFreq 2,                 $x'_{WO}$ BusFreq 2
     8,            L_y BusROCOF 1,                  $y_{L}$ BusROCOF 1
     9,           WO_x BusROCOF 1,                $x'_{WO}$ BusROCOF 1
    10,           Wf_x BusROCOF 1,                $x'_{Wf}$ BusROCOF 1
    11,              PI_xi PLL2 1,                    $xi_{PI}$ PLL2 1
    12,                 am PLL2 1,                   $\theta_m$ PLL2 1
    13,            Psen_y REGF2 1,                  $y_{Psen}$ REGF2 1
    14,            Qsen_y REGF2 1,                  $y_{Qsen}$ REGF2 1
    15,            Psig_y REGF2 1,                  $y_{Psig}$ REGF2 1
    16,            Qsig_y REGF2 1,                  $y_{Qsig}$ REGF2 1
    17,         PIplim_xi REGF2 1,               $xi_{PIplim}$ REGF2 1
    18,         PIqlim_xi REGF2 1,               $xi_{PIqlim}$ REGF2 1
    19,             delta REGF2 1,                    $\delta$ REGF2 1
    20,            INTw_y REGF2 1,                  $y_{INTw}$ REGF2 1
    21,           PIvd_xi REGF2 1,                 $xi_{PIvd}$ REGF2 1
    22,           PIvq_xi REGF2 1,                 $xi_{PIvq}$ REGF2 1
    23,           PIId_xi REGF2 1,                 $xi_{PIId}$ REGF2 1
    24,           PIIq_xi REGF2 1,                 $xi_{PIIq}$ REGF2 1
    25,           udLag_y REGF2 1,                 $y_{udLag}$ REGF2 1
    26,           uqLag_y REGF2 1,                 $y_{uqLag}$ REGF2 1
    27,                   a Bus 1,                      $\theta$ Bus 1
    28,                   a Bus 2,                      $\theta$ Bus 2
    29,                   v Bus 1,                           $V$ Bus 1
    30,                   v Bus 2,                           $V$ Bus 2
    31,            WO_y BusFreq 1,                  $y_{WO}$ BusFreq 1
    32,            WO_y BusFreq 2,                  $y_{WO}$ BusFreq 2
    33,               f BusFreq 1,                       $f$ BusFreq 1
    34,               f BusFreq 2,                       $f$ BusFreq 2
    35,           WO_y BusROCOF 1,                 $y_{WO}$ BusROCOF 1
    36,              f BusROCOF 1,                      $f$ BusROCOF 1
    37,           Wf_y BusROCOF 1,                 $y_{Wf}$ BusROCOF 1
    38,               PI_y PLL2 1,                     $y_{PI}$ PLL2 1
    39,              Paux REGF2 1,                      $Paux$ REGF2 1
    40,              Qaux REGF2 1,                      $Qaux$ REGF2 1
    41,          PIplim_y REGF2 1,                $y_{PIplim}$ REGF2 1
    42,          PIqlim_y REGF2 1,                $y_{PIqlim}$ REGF2 1
    43,                vd REGF2 1,                       $V_d$ REGF2 1
    44,                vq REGF2 1,                       $V_q$ REGF2 1
    45,                Pe REGF2 1,                       $P_e$ REGF2 1
    46,                Qe REGF2 1,                       $Q_e$ REGF2 1
    47,                Id REGF2 1,                       $I_d$ REGF2 1
    48,                Iq REGF2 1,                       $I_q$ REGF2 1
    49,              wref REGF2 1,              $\omega_{ref}$ REGF2 1
    50,              dw_x REGF2 1,                    $x_{dw}$ REGF2 1
    51,             vref2 REGF2 1,                  $v_{ref2}$ REGF2 1
    52,            PIvd_y REGF2 1,                  $y_{PIvd}$ REGF2 1
    53,            PIvq_y REGF2 1,                  $y_{PIvq}$ REGF2 1
    54,            PIId_y REGF2 1,                  $y_{PIId}$ REGF2 1
    55,            PIIq_y REGF2 1,                  $y_{PIIq}$ REGF2 1
    56,             udref REGF2 1,                  $u_{dref}$ REGF2 1
    57,             uqref REGF2 1,                  $u_{qref}$ REGF2 1
